Line 001: the quick brown fox jumps over the lazy dog.
Line 002: the quick brown fox jumps over the lazy dog.
Line 003: the quick brown fox jumps over the lazy dog.
Line 004: the quick brown fox jumps over the lazy dog.
Line 005: the quick brown fox jumps over the lazy dog.
Line 006: the quick brown fox jumps over the lazy dog.
Line 007: the quick brown fox jumps over the lazy dog.
Line 008: the quick brown fox jumps over the lazy dog.
Line 009: the quick brown fox jumps over the lazy dog.
Line 010: the quick brown fox jumps over the lazy dog.
Line 011: the quick brown fox jumps over the lazy dog.
Line 012: the quick brown fox jumps over the lazy dog.
Line 013: the quick brown fox jumps over the lazy dog.
Line 014: the quick brown fox jumps over the lazy dog.
Line 015: the quick brown fox jumps over the lazy dog.
Line 016: the quick brown fox jumps over the lazy dog.
Line 017: the quick brown fox jumps over the lazy dog.
Line 018: the quick brown fox jumps over the lazy dog.
Line 019: the quick brown fox jumps over the lazy dog.
Line 020: the quick brown fox jumps over the lazy dog.
Line 021: the quick brown fox jumps over the lazy dog.
Line 022: the quick brown fox jumps over the lazy dog.
Line 023: the quick brown fox jumps over the lazy dog.
Line 024: the quick brown fox jumps over the lazy dog.
Line 025: the quick brown fox jumps over the lazy dog.
Line 026: the quick brown fox jumps over the lazy dog.
Line 027: the quick brown fox jumps over the lazy dog.
Line 028: the quick brown fox jumps over the lazy dog.
Line 029: the quick brown fox jumps over the lazy dog.
Line 030: the quick brown fox jumps over the lazy dog.
Line 031: the quick brown fox jumps over the lazy dog.
Line 032: the quick brown fox jumps over the lazy dog.
Line 033: the quick brown fox jumps over the lazy dog.
Line 034: the quick brown fox jumps over the lazy dog.
Line 035: the quick brown fox jumps over the lazy dog.
Line 036: the quick brown fox jumps over the lazy dog.
Line 037: the quick brown fox jumps over the lazy dog.
Line 038: the quick brown fox jumps over the lazy dog.
Line 039: the quick brown fox jumps over the lazy dog.
Line 040: the quick brown fox jumps over the lazy dog.
