Protocol error
Closing COM2...OK
v9k: isr=asm deb=0
v9k: dos oem=fd ver=622 irq1=09
v9k: rxlost=0 rxfull=0 rxpeak=0 of 4096
v9k: peaktag=0 fd=0 stall256=0
v9k: rxbytes=0 peakat=0 stallat=0
v9k: norx=0 othrx=0 rr0=00 oth=00
v9k: bulk sel=1 n=0
v9k: lost evt=0 max=0 tag=0 fd=0
v9k: lostat=0 lostend=0
v9k: lean (no burst table)
v9k: flow in=0 out=0 hi=65535 lo=1024 held=0 rel=0 xoff=0 xon=0 stuck=0
v9k: wfile n=0 max=0 at #0 of 0 tot=0 cs nospc=0
v9k: wcon n=2 max=22 tot=27 cs
v9k: txgap n=12 max=6 at #1 tot=6 cs
v9k: nap per=819 n=2 req=900 ms tot=154 cs cc=0
v9k: coll=1
v9k: dec n=0 max=0 at #0 tot=0 cs to=0
v9k: window ask=0 use=0 neg=1 pool=2 ring=1
